<html>
	<p>First name: Donald</p>
	<p>Last name: Duck</p>
</html>
