<!DOCTYPE html>
<html xmlns:h="http://java.sun.com/jsf/html">
	<h1>Headline</h1>
	<p>One</p>
	<p>Two</p>
</html>